[agileui.com/demo/monarch/demo/admin-template/index.html]
[backblue.gif]
[fade.gif]
[index.html]
[agileui.com/demo/monarch/assets/images/icons/apple-touch-icon-144-precomposed.png]
[agileui.com/demo/monarch/assets/images/icons/apple-touch-icon-114-precomposed.png]
[agileui.com/demo/monarch/assets/images/icons/apple-touch-icon-72-precomposed.png]
[agileui.com/demo/monarch/assets/images/icons/apple-touch-icon-57-precomposed.png]
[agileui.com/demo/monarch/assets/images/icons/favicon.png]
[agileui.com/demo/monarch/assets/bootstrap/css/bootstrap.css]
[agileui.com/demo/monarch/assets/helpers/animate.css]
[agileui.com/demo/monarch/assets/helpers/backgrounds.css]
[agileui.com/demo/monarch/assets/helpers/boilerplate.css]
[agileui.com/demo/monarch/assets/helpers/border-radius.css]
[agileui.com/demo/monarch/assets/helpers/grid.css]
[agileui.com/demo/monarch/assets/helpers/page-transitions.css]
[agileui.com/demo/monarch/assets/helpers/spacing.css]
[agileui.com/demo/monarch/assets/helpers/typography.css]
[agileui.com/demo/monarch/assets/helpers/utils.css]
[agileui.com/demo/monarch/assets/helpers/colors.css]
[agileui.com/demo/monarch/assets/elements/badges.css]
[agileui.com/demo/monarch/assets/elements/buttons.css]
[agileui.com/demo/monarch/assets/elements/content-box.css]
[agileui.com/demo/monarch/assets/elements/dashboard-box.css]
[agileui.com/demo/monarch/assets/elements/forms.css]
[agileui.com/demo/monarch/assets/elements/images.css]
[agileui.com/demo/monarch/assets/elements/info-box.css]
[agileui.com/demo/monarch/assets/elements/invoice.css]
[agileui.com/demo/monarch/assets/elements/loading-indicators.css]
[agileui.com/demo/monarch/assets/elements/menus.css]
[agileui.com/demo/monarch/assets/elements/panel-box.css]
[agileui.com/demo/monarch/assets/elements/response-messages.css]
[agileui.com/demo/monarch/assets/elements/responsive-tables.css]
[agileui.com/demo/monarch/assets/elements/ribbon.css]
[agileui.com/demo/monarch/assets/elements/social-box.css]
[agileui.com/demo/monarch/assets/elements/tables.css]
[agileui.com/demo/monarch/assets/elements/tile-box.css]
[agileui.com/demo/monarch/assets/elements/timeline.css]
[agileui.com/demo/monarch/assets/icons/fontawesome/fontawesome.css]
[agileui.com/demo/monarch/assets/icons/linecons/linecons.css]
[agileui.com/demo/monarch/assets/icons/spinnericon/spinnericon.css]
[agileui.com/demo/monarch/assets/widgets/accordion-ui/accordion.css]
[agileui.com/demo/monarch/assets/widgets/calendar/calendar.css]
[agileui.com/demo/monarch/assets/widgets/carousel/carousel.css]
[agileui.com/demo/monarch/assets/widgets/charts/justgage/justgage.css]
[agileui.com/demo/monarch/assets/widgets/charts/morris/morris.css]
[agileui.com/demo/monarch/assets/widgets/charts/piegage/piegage.css]
[agileui.com/demo/monarch/assets/widgets/charts/xcharts/xcharts.css]
[agileui.com/demo/monarch/assets/widgets/chosen/chosen.css]
[agileui.com/demo/monarch/assets/widgets/colorpicker/colorpicker.css]
[agileui.com/demo/monarch/assets/widgets/datatable/datatable.css]
[agileui.com/demo/monarch/assets/widgets/datepicker/datepicker.css]
[agileui.com/demo/monarch/assets/widgets/datepicker-ui/datepicker.css]
[agileui.com/demo/monarch/assets/widgets/daterangepicker/daterangepicker.css]
[agileui.com/demo/monarch/assets/widgets/dialog/dialog.css]
[agileui.com/demo/monarch/assets/widgets/dropdown/dropdown.css]
[agileui.com/demo/monarch/assets/widgets/dropzone/dropzone.css]
[agileui.com/demo/monarch/assets/widgets/file-input/fileinput.css]
[agileui.com/demo/monarch/assets/widgets/input-switch/inputswitch.css]
[agileui.com/demo/monarch/assets/widgets/input-switch/inputswitch-alt.css]
[agileui.com/demo/monarch/assets/widgets/ionrangeslider/ionrangeslider.css]
[agileui.com/demo/monarch/assets/widgets/jcrop/jcrop.css]
[agileui.com/demo/monarch/assets/widgets/jgrowl-notifications/jgrowl.css]
[agileui.com/demo/monarch/assets/widgets/loading-bar/loadingbar.css]
[agileui.com/demo/monarch/assets/widgets/maps/vector-maps/vectormaps.css]
[agileui.com/demo/monarch/assets/widgets/markdown/markdown.css]
[agileui.com/demo/monarch/assets/widgets/modal/modal.css]
[agileui.com/demo/monarch/assets/widgets/multi-select/multiselect.css]
[agileui.com/demo/monarch/assets/widgets/multi-upload/fileupload.css]
[agileui.com/demo/monarch/assets/widgets/nestable/nestable.css]
[agileui.com/demo/monarch/assets/widgets/noty-notifications/noty.css]
[agileui.com/demo/monarch/assets/widgets/popover/popover.css]
[agileui.com/demo/monarch/assets/widgets/pretty-photo/prettyphoto.css]
[agileui.com/demo/monarch/assets/widgets/progressbar/progressbar.css]
[agileui.com/demo/monarch/assets/widgets/range-slider/rangeslider.css]
[agileui.com/demo/monarch/assets/widgets/slidebars/slidebars.css]
[agileui.com/demo/monarch/assets/widgets/slider-ui/slider.css]
[agileui.com/demo/monarch/assets/widgets/summernote-wysiwyg/summernote-wysiwyg.css]
[agileui.com/demo/monarch/assets/widgets/tabs-ui/tabs.css]
[agileui.com/demo/monarch/assets/widgets/theme-switcher/themeswitcher.css]
[agileui.com/demo/monarch/assets/widgets/timepicker/timepicker.css]
[agileui.com/demo/monarch/assets/widgets/tocify/tocify.css]
[agileui.com/demo/monarch/assets/widgets/tooltip/tooltip.css]
[agileui.com/demo/monarch/assets/widgets/touchspin/touchspin.css]
[agileui.com/demo/monarch/assets/widgets/uniform/uniform.css]
[agileui.com/demo/monarch/assets/widgets/wizard/wizard.css]
[agileui.com/demo/monarch/assets/widgets/xeditable/xeditable.css]
[agileui.com/demo/monarch/assets/snippets/chat.css]
[agileui.com/demo/monarch/assets/snippets/files-box.css]
[agileui.com/demo/monarch/assets/snippets/login-box.css]
[agileui.com/demo/monarch/assets/snippets/notification-box.css]
[agileui.com/demo/monarch/assets/snippets/progress-box.css]
[agileui.com/demo/monarch/assets/snippets/todo.css]
[agileui.com/demo/monarch/assets/snippets/user-profile.css]
[agileui.com/demo/monarch/assets/snippets/mobile-navigation.css]
[agileui.com/demo/monarch/assets/applications/mailbox.css]
[agileui.com/demo/monarch/assets/themes/admin/layout.css]
[agileui.com/demo/monarch/assets/themes/admin/color-schemes/default.css]
[agileui.com/demo/monarch/assets/themes/components/default.css]
[agileui.com/demo/monarch/assets/themes/components/border-radius.css]
[agileui.com/demo/monarch/assets/helpers/responsive-elements.css]
[agileui.com/demo/monarch/assets/helpers/admin-responsive.css]
[agileui.com/demo/monarch/assets/js-core/jquery-core.js]
[agileui.com/demo/monarch/assets/js-core/jquery-ui-core.js]
[agileui.com/demo/monarch/assets/js-core/jquery-ui-widget.js]
[agileui.com/demo/monarch/assets/js-core/jquery-ui-mouse.js]
[agileui.com/demo/monarch/assets/js-core/jquery-ui-position.js]
[agileui.com/demo/monarch/assets/js-core/modernizr.js]
[agileui.com/demo/monarch/assets/js-core/jquery-cookie.js]
[agileui.com/demo/monarch/assets/image-resources/people/testimonial1.jpg]
[agileui.com/demo/monarch/assets/image-resources/people/testimonial2.jpg]
[agileui.com/demo/monarch/assets/image-resources/people/testimonial3.jpg]
[agileui.com/demo/monarch/assets/image-resources/people/testimonial4.jpg]
[agileui.com/demo/monarch/assets/image-resources/people/testimonial5.jpg]
[agileui.com/demo/monarch/assets/image-resources/people/testimonial6.jpg]
[agileui.com/demo/monarch/assets/image-resources/people/testimonial7.jpg]
[agileui.com/demo/monarch/assets/image-resources/people/testimonial8.jpg]
[agileui.com/demo/monarch/assets/image-resources/gravatar.jpg]
[agileui.com/demo/monarch/demo/admin-template/lockscreen-3.html]
[agileui.com/demo/monarch/demo/admin-template/buttons.html]
[agileui.com/demo/monarch/demo/admin-template/labels-badges.html]
[agileui.com/demo/monarch/demo/admin-template/content-boxes.html]
[agileui.com/demo/monarch/demo/admin-template/icons.html]
[agileui.com/demo/monarch/demo/admin-template/nav-menus.html]
[agileui.com/demo/monarch/demo/admin-template/response-messages.html]
[agileui.com/demo/monarch/demo/admin-template/images.html]
[agileui.com/demo/monarch/demo/admin-template/chart-boxes.html]
[agileui.com/demo/monarch/demo/admin-template/tile-boxes.html]
[agileui.com/demo/monarch/demo/admin-template/social-boxes.html]
[agileui.com/demo/monarch/demo/admin-template/panel-boxes.html]
[agileui.com/demo/monarch/demo/admin-template/tabs.html]
[agileui.com/demo/monarch/demo/admin-template/collapsable.html]
[agileui.com/demo/monarch/demo/admin-template/bs-carousel.html]
[agileui.com/demo/monarch/demo/admin-template/calendar.html]
[agileui.com/demo/monarch/demo/admin-template/scrollbars.html]
[agileui.com/demo/monarch/demo/admin-template/modals.html]
[agileui.com/demo/monarch/demo/admin-template/notifications.html]
[agileui.com/demo/monarch/demo/admin-template/lazyload.html]
[agileui.com/demo/monarch/demo/admin-template/loading-feedback.html]
[agileui.com/demo/monarch/demo/admin-template/popovers-tooltips.html]
[agileui.com/demo/monarch/demo/admin-template/progress-bars.html]
[agileui.com/demo/monarch/demo/admin-template/sortable-elements.html]
[agileui.com/demo/monarch/demo/admin-template/forms-elements.html]
[agileui.com/demo/monarch/demo/admin-template/forms-validation.html]
[agileui.com/demo/monarch/demo/admin-template/pickers.html]
[agileui.com/demo/monarch/demo/admin-template/sliders.html]
[agileui.com/demo/monarch/demo/admin-template/forms-wizard.html]
[agileui.com/demo/monarch/demo/admin-template/forms-masks.html]
[agileui.com/demo/monarch/demo/admin-template/image-crop.html]
[agileui.com/demo/monarch/demo/admin-template/dropzone-uploader.html]
[agileui.com/demo/monarch/demo/admin-template/multi-uploader.html]
[agileui.com/demo/monarch/demo/admin-template/input-knobs.html]
[agileui.com/demo/monarch/demo/admin-template/ckeditor.html]
[agileui.com/demo/monarch/demo/admin-template/summernote.html]
[agileui.com/demo/monarch/demo/admin-template/markdown.html]
[agileui.com/demo/monarch/demo/admin-template/inline-editor.html]
[agileui.com/demo/monarch/demo/admin-template/tables.html]
[agileui.com/demo/monarch/demo/admin-template/responsive-tables.html]
[agileui.com/demo/monarch/demo/admin-template/data-tables.html]
[agileui.com/demo/monarch/demo/admin-template/advanced-datatables.html]
[agileui.com/demo/monarch/demo/admin-template/fixed-datatables.html]
[agileui.com/demo/monarch/demo/admin-template/responsive-datatables.html]
[agileui.com/demo/monarch/demo/admin-template/flot-charts.html]
[agileui.com/demo/monarch/demo/admin-template/sparklines.html]
[agileui.com/demo/monarch/demo/admin-template/pie-gages.html]
[agileui.com/demo/monarch/demo/admin-template/just-gage.html]
[agileui.com/demo/monarch/demo/admin-template/morris-charts.html]
[agileui.com/demo/monarch/demo/admin-template/xcharts.html]
[agileui.com/demo/monarch/demo/admin-template/chart-js.html]
[agileui.com/demo/monarch/demo/admin-template/gmaps.html]
[agileui.com/demo/monarch/demo/admin-template/vector-maps.html]
[agileui.com/demo/monarch/demo/admin-template/mapael.html]
[agileui.com/demo/monarch/demo/admin-template/index-alt.html]
[agileui.com/demo/monarch/demo/admin-template/view-profile.html]
[agileui.com/demo/monarch/demo/admin-template/faq-section.html]
[agileui.com/demo/monarch/demo/admin-template/auto-menu.html]
[agileui.com/demo/monarch/demo/admin-template/invoice.html]
[agileui.com/demo/monarch/demo/admin-template/admin-blog.html]
[agileui.com/demo/monarch/demo/admin-template/admin-pricing.html]
[agileui.com/demo/monarch/demo/admin-template/portfolio-gallery.html]
[agileui.com/demo/monarch/demo/admin-template/portfolio-masonry.html]
[agileui.com/demo/monarch/demo/admin-template/slidebars.html]
[agileui.com/demo/monarch/demo/admin-template/login-1.html]
[agileui.com/demo/monarch/demo/admin-template/login-2.html]
[agileui.com/demo/monarch/demo/admin-template/login-3.html]
[agileui.com/demo/monarch/demo/admin-template/login-4.html]
[agileui.com/demo/monarch/demo/admin-template/login-5.html]
[agileui.com/demo/monarch/demo/admin-template/lockscreen-1.html]
[agileui.com/demo/monarch/demo/admin-template/lockscreen-2.html]
[agileui.com/demo/monarch/demo/admin-template/server-1.html]
[agileui.com/demo/monarch/demo/admin-template/server-2.html]
[agileui.com/demo/monarch/demo/admin-template/server-3.html]
[agileui.com/demo/monarch/demo/admin-template/mailbox-inbox.html]
[agileui.com/demo/monarch/demo/admin-template/mailbox-compose.html]
[agileui.com/demo/monarch/demo/admin-template/mailbox-single.html]
[agileui.com/demo/monarch/demo/admin-template/timeline.html]
[agileui.com/demo/monarch/demo/admin-template/chat.html]
[agileui.com/demo/monarch/demo/admin-template/checklist.html]
[agileui.com/demo/monarch/demo/admin-template/helper-classes.html]
[agileui.com/demo/monarch/demo/admin-template/page-transitions.html]
[agileui.com/demo/monarch/demo/admin-template/animations.html]
[agileui.com/demo/monarch/assets/widgets/charts/sparklines/sparklines.js]
[agileui.com/demo/monarch/assets/widgets/charts/sparklines/sparklines-demo.js]
[agileui.com/demo/monarch/assets/widgets/charts/flot/flot.js]
[agileui.com/demo/monarch/assets/widgets/charts/flot/flot-resize.js]
[agileui.com/demo/monarch/assets/widgets/charts/flot/flot-stack.js]
[agileui.com/demo/monarch/assets/widgets/charts/flot/flot-pie.js]
[agileui.com/demo/monarch/assets/widgets/charts/flot/flot-tooltip.js]
[agileui.com/demo/monarch/assets/widgets/charts/flot/flot-demo-1.js]
[agileui.com/demo/monarch/assets/widgets/charts/piegage/piegage.js]
[agileui.com/demo/monarch/assets/widgets/charts/piegage/piegage-demo.js]
[agileui.com/demo/monarch/assets/bootstrap/js/bootstrap.js]
[agileui.com/demo/monarch/assets/widgets/progressbar/progressbar.js]
[agileui.com/demo/monarch/assets/widgets/superclick/superclick.js]
[agileui.com/demo/monarch/assets/widgets/input-switch/inputswitch-alt.js]
[agileui.com/demo/monarch/assets/widgets/slimscroll/slimscroll.js]
[agileui.com/demo/monarch/assets/widgets/slidebars/slidebars.js]
[agileui.com/demo/monarch/assets/widgets/slidebars/slidebars-demo.js]
[agileui.com/demo/monarch/assets/widgets/screenfull/screenfull.js]
[agileui.com/demo/monarch/assets/widgets/content-box/contentbox.js]
[agileui.com/demo/monarch/assets/widgets/overlay/overlay.js]
[agileui.com/demo/monarch/assets/js-init/widgets-init.js]
[agileui.com/demo/monarch/assets/themes/admin/layout.js]
[agileui.com/demo/monarch/demo/admin-template/index.html]
[agileui.com/demo/monarch/assets/bootstrap/css/bootstrap.css]
[agileui.com/demo/monarch/assets/helpers/animate.css]
[agileui.com/demo/monarch/assets/widgets/theme-switcher/themeswitcher.js]
[agileui.com/demo/monarch/assets/image-resources/blurred-bg/blurred-bg-1.jpg]
[agileui.com/demo/monarch/assets/image-resources/blurred-bg/blurred-bg-2.jpg]
[agileui.com/demo/monarch/assets/image-resources/blurred-bg/blurred-bg-3.jpg]
[agileui.com/demo/monarch/assets/image-resources/blurred-bg/blurred-bg-4.jpg]
[agileui.com/demo/monarch/assets/image-resources/blurred-bg/blurred-bg-5.jpg]
[agileui.com/demo/monarch/assets/image-resources/blurred-bg/blurred-bg-6.jpg]
[agileui.com/demo/monarch/assets/image-resources/blurred-bg/blurred-bg-7.jpg]
[agileui.com/demo/monarch/assets/image-resources/blurred-bg/blurred-bg-8.jpg]
[agileui.com/demo/monarch/assets/image-resources/blurred-bg/blurred-bg-9.jpg]
[agileui.com/demo/monarch/assets/image-resources/blurred-bg/blurred-bg-10.jpg]
[agileui.com/demo/monarch/assets/image-resources/blurred-bg/blurred-bg-11.jpg]
[agileui.com/demo/monarch/assets/image-resources/blurred-bg/blurred-bg-12.jpg]
[agileui.com/demo/monarch/assets/image-resources/blurred-bg/blurred-bg-13.jpg]
[agileui.com/demo/monarch/assets/image-resources/blurred-bg/blurred-bg-14.jpg]
[agileui.com/demo/monarch/assets/image-resources/blurred-bg/blurred-bg-15.jpg]
[agileui.com/demo/monarch/assets/image-resources/blurred-bg/blurred-bg-16.jpg]
[agileui.com/demo/monarch/assets/image-resources/poly-bg/poly-bg-1.jpg]
[agileui.com/demo/monarch/assets/image-resources/poly-bg/poly-bg-2.jpg]
[agileui.com/demo/monarch/assets/image-resources/poly-bg/poly-bg-3.jpg]
[agileui.com/demo/monarch/assets/image-resources/poly-bg/poly-bg-4.jpg]
[agileui.com/demo/monarch/assets/image-resources/poly-bg/poly-bg-5.jpg]
[agileui.com/demo/monarch/assets/image-resources/poly-bg/poly-bg-6.jpg]
[agileui.com/demo/monarch/assets/image-resources/poly-bg/poly-bg-7.jpg]
[agileui.com/demo/monarch/assets/image-resources/poly-bg/poly-bg-8.jpg]
[agileui.com/demo/monarch/assets/image-resources/poly-bg/poly-bg-9.jpg]
[agileui.com/demo/monarch/assets/image-resources/poly-bg/poly-bg-10.jpg]
[agileui.com/demo/monarch/assets/image-resources/blurred-img/blurred-img-1.jpg]
[agileui.com/demo/monarch/assets/image-resources/blurred-img/blurred-img-2.jpg]
[agileui.com/demo/monarch/assets/image-resources/blurred-img/blurred-img-3.jpg]
[agileui.com/demo/monarch/assets/image-resources/blurred-img/blurred-img-4.jpg]
[agileui.com/demo/monarch/assets/image-resources/blurred-img/blurred-img-5.jpg]
[agileui.com/demo/monarch/assets/image-resources/full-bg/full-bg-1.jpg]
[agileui.com/demo/monarch/assets/image-resources/full-bg/full-bg-2.jpg]
[agileui.com/demo/monarch/assets/image-resources/full-bg/full-bg-3.jpg]
[agileui.com/demo/monarch/assets/image-resources/full-bg/full-bg-4.jpg]
[agileui.com/demo/monarch/assets/image-resources/full-bg/full-bg-5.jpg]
[agileui.com/demo/monarch/assets/image-resources/full-bg/full-bg-6.jpg]
[agileui.com/demo/monarch/assets/image-resources/full-bg/full-bg-7.jpg]
[agileui.com/demo/monarch/assets/image-resources/full-bg/full-bg-8.jpg]
[agileui.com/demo/monarch/assets/image-resources/full-bg/full-bg-9.jpg]
[agileui.com/demo/monarch/assets/image-resources/full-bg/full-bg-10.jpg]
[agileui.com/demo/monarch/assets/image-resources/full-bg/full-bg-11.jpg]
[agileui.com/demo/monarch/assets/image-resources/full-bg/full-bg-12.jpg]
[agileui.com/demo/monarch/assets/image-resources/full-bg/full-bg-13.jpg]
[agileui.com/demo/monarch/assets/image-resources/full-bg/full-bg-14.jpg]
[agileui.com/demo/monarch/assets/image-resources/pattern-bg/pattern-bg-1.png]
[agileui.com/demo/monarch/assets/image-resources/pattern-bg/pattern-bg-2.png]
[agileui.com/demo/monarch/assets/image-resources/pattern-bg/pattern-bg-3.png]
[agileui.com/demo/monarch/assets/image-resources/pattern-bg/pattern-bg-4.png]
[agileui.com/demo/monarch/assets/image-resources/pattern-bg/pattern-bg-5.png]
[agileui.com/demo/monarch/assets/image-resources/pattern-bg/pattern-bg-6.png]
[agileui.com/demo/monarch/assets/image-resources/pattern-bg/pattern-bg-7.png]
[agileui.com/demo/monarch/assets/image-resources/pattern-bg/pattern-bg-8.png]
[agileui.com/demo/monarch/assets/image-resources/pattern-bg/pattern-bg-9.png]
[agileui.com/demo/monarch/assets/image-resources/pattern-bg/pattern-bg-10.png]
[agileui.com/demo/monarch/assets/helpers/backgrounds.css]
[agileui.com/demo/monarch/assets/helpers/boilerplate.css]
[agileui.com/demo/monarch/assets/helpers/border-radius.css]
[agileui.com/demo/monarch/assets/helpers/grid.css]
[agileui.com/demo/monarch/assets/helpers/page-transitions.css]
[agileui.com/demo/monarch/assets/helpers/spacing.css]
[agileui.com/demo/monarch/assets/helpers/typography.css]
[agileui.com/demo/monarch/assets/helpers/utils.css]
[agileui.com/demo/monarch/assets/helpers/colors.css]
[agileui.com/demo/monarch/assets/elements/badges.css]
[agileui.com/demo/monarch/assets/elements/buttons.css]
[agileui.com/demo/monarch/assets/elements/content-box.css]
[agileui.com/demo/monarch/assets/elements/dashboard-box.css]
[agileui.com/demo/monarch/assets/elements/forms.css]
[agileui.com/demo/monarch/assets/elements/images.css]
[agileui.com/demo/monarch/assets/elements/info-box.css]
[agileui.com/demo/monarch/assets/elements/invoice.css]
[agileui.com/demo/monarch/assets/elements/loading-indicators.css]
[agileui.com/demo/monarch/assets/elements/menus.css]
[agileui.com/demo/monarch/assets/elements/panel-box.css]
[agileui.com/demo/monarch/assets/elements/response-messages.css]
[agileui.com/demo/monarch/assets/elements/responsive-tables.css]
[agileui.com/demo/monarch/assets/elements/ribbon.css]
[agileui.com/demo/monarch/assets/elements/social-box.css]
[agileui.com/demo/monarch/assets/elements/tables.css]
[agileui.com/demo/monarch/assets/elements/tile-box.css]
[agileui.com/demo/monarch/assets/elements/timeline.css]
[agileui.com/demo/monarch/assets/icons/fontawesome/fontawesome-webfontba72.eot]
[agileui.com/demo/monarch/assets/icons/fontawesome/fontawesome-webfontd41d.eot]
[agileui.com/demo/monarch/assets/icons/fontawesome/fontawesome-webfontba72.woff]
[agileui.com/demo/monarch/assets/icons/fontawesome/fontawesome-webfontba72.ttf]
[agileui.com/demo/monarch/assets/icons/fontawesome/fontawesome.css]
[agileui.com/demo/monarch/assets/icons/fontawesome/fontawesome-webfontba72.svg]
[agileui.com/demo/monarch/assets/icons/linecons/linecons8f44.eot]
[agileui.com/demo/monarch/assets/icons/linecons/linecons8f44.woff]
[agileui.com/demo/monarch/assets/icons/linecons/linecons8f44.ttf]
[agileui.com/demo/monarch/assets/icons/linecons/linecons.css]
[agileui.com/demo/monarch/assets/icons/linecons/linecons8f44.svg]
[agileui.com/demo/monarch/assets/icons/spinnericon/spinnericonb7a7.eot]
[agileui.com/demo/monarch/assets/icons/spinnericon/spinnericonb7a7.woff]
[agileui.com/demo/monarch/assets/icons/spinnericon/spinnericonb7a7.ttf]
[agileui.com/demo/monarch/assets/icons/spinnericon/spinnericon.css]
[agileui.com/demo/monarch/assets/widgets/accordion-ui/accordion.css]
[agileui.com/demo/monarch/assets/widgets/calendar/calendar.css]
[agileui.com/demo/monarch/assets/widgets/carousel/carousel.css]
[agileui.com/demo/monarch/assets/widgets/charts/justgage/justgage.css]
[agileui.com/demo/monarch/assets/widgets/charts/morris/morris.css]
[agileui.com/demo/monarch/assets/widgets/charts/piegage/piegage.css]
[agileui.com/demo/monarch/assets/widgets/charts/xcharts/xcharts.css]
[agileui.com/demo/monarch/assets/widgets/chosen/chosen.css]
[agileui.com/demo/monarch/assets/icons/spinnericon/spinnericonb7a7.svg]
[agileui.com/demo/monarch/assets/images/colorpicker.png]
[agileui.com/demo/monarch/assets/widgets/colorpicker/colorpicker.css]
[agileui.com/demo/monarch/assets/widgets/datatable/datatable.css]
[agileui.com/demo/monarch/assets/widgets/datepicker/datepicker.css]
[agileui.com/demo/monarch/assets/widgets/datepicker-ui/datepicker.css]
[agileui.com/demo/monarch/assets/widgets/daterangepicker/daterangepicker.css]
[agileui.com/demo/monarch/assets/widgets/dialog/dialog.css]
[agileui.com/demo/monarch/assets/widgets/dropdown/dropdown.css]
[agileui.com/demo/monarch/assets/widgets/dropzone/dropzone.css]
[agileui.com/demo/monarch/assets/widgets/file-input/fileinput.css]
[agileui.com/demo/monarch/assets/widgets/input-switch/inputswitch.css]
[agileui.com/demo/monarch/assets/widgets/input-switch/inputswitch-alt.css]
[agileui.com/demo/monarch/assets/widgets/ionrangeslider/ionrangeslider.css]
[agileui.com/demo/monarch/assets/images/jcrop.gif]
[agileui.com/demo/monarch/assets/widgets/jcrop/jcrop.css]
[agileui.com/demo/monarch/assets/widgets/jgrowl-notifications/jgrowl.css]
[agileui.com/demo/monarch/assets/widgets/loading-bar/loadingbar.css]
[agileui.com/demo/monarch/assets/widgets/maps/vector-maps/vectormaps.css]
[agileui.com/demo/monarch/assets/widgets/markdown/markdown.css]
[agileui.com/demo/monarch/assets/widgets/modal/modal.css]
[agileui.com/demo/monarch/assets/widgets/multi-select/multiselect.css]
[agileui.com/demo/monarch/assets/widgets/images/animated-overlay.123.delayed]
[agileui.com/demo/monarch/assets/widgets/images/loader-dark.124.delayed]
[agileui.com/demo/monarch/assets/widgets/img/loading.125.delayed]
[agileui.com/demo/monarch/assets/widgets/img/error.126.delayed]
[agileui.com/demo/monarch/assets/widgets/img/play-pause.png]
[agileui.com/demo/monarch/assets/widgets/img/video-play.128.delayed]
[agileui.com/demo/monarch/assets/widgets/multi-upload/fileupload.css]
[agileui.com/demo/monarch/assets/widgets/nestable/nestable.css]
[agileui.com/demo/monarch/assets/widgets/noty-notifications/noty.css]
[agileui.com/demo/monarch/assets/widgets/popover/popover.css]
[agileui.com/demo/monarch/assets/widgets/pretty-photo/images/default/sprite.png]
[agileui.com/demo/monarch/assets/widgets/pretty-photo/images/default/sprite_x.png]
[agileui.com/demo/monarch/assets/widgets/pretty-photo/images/default/sprite_y.png]
[agileui.com/demo/monarch/assets/widgets/pretty-photo/images/default/sprite_next.png]
[agileui.com/demo/monarch/assets/widgets/pretty-photo/images/default/sprite_prev.png]
[agileui.com/demo/monarch/assets/widgets/pretty-photo/images/default/default_thumb.png]
[agileui.com/demo/monarch/assets/widgets/pretty-photo/images/default/loader.gif]
[agileui.com/demo/monarch/assets/widgets/pretty-photo/images/facebook/default_thumbnail.gif]
[agileui.com/demo/monarch/assets/widgets/pretty-photo/prettyphoto.css]
[agileui.com/demo/monarch/assets/images/animated-overlay.gif]
[agileui.com/demo/monarch/assets/widgets/progressbar/progressbar.css]
[agileui.com/demo/monarch/assets/widgets/range-slider/rangeslider.css]
[agileui.com/demo/monarch/assets/widgets/slidebars/slidebars.css]
[agileui.com/demo/monarch/assets/widgets/slider-ui/slider.css]
[agileui.com/demo/monarch/assets/widgets/summernote-wysiwyg/summernote-wysiwyg.css]
[agileui.com/demo/monarch/assets/widgets/tabs-ui/tabs.css]
[agileui.com/demo/monarch/assets/widgets/theme-switcher/themeswitcher.css]
[agileui.com/demo/monarch/assets/widgets/timepicker/timepicker.css]
[agileui.com/demo/monarch/assets/widgets/tocify/tocify.css]
[agileui.com/demo/monarch/assets/widgets/tooltip/tooltip.css]
[agileui.com/demo/monarch/assets/widgets/touchspin/touchspin.css]
[agileui.com/demo/monarch/assets/widgets/uniform/uniform.css]
[agileui.com/demo/monarch/assets/widgets/wizard/wizard.css]
[agileui.com/demo/monarch/assets/widgets/img/clear.png]
[agileui.com/demo/monarch/assets/widgets/xeditable/xeditable.css]
[agileui.com/demo/monarch/assets/snippets/chat.css]
[agileui.com/demo/monarch/assets/snippets/files-box.css]
[agileui.com/demo/monarch/assets/snippets/login-box.css]
[agileui.com/demo/monarch/assets/snippets/notification-box.css]
[agileui.com/demo/monarch/assets/snippets/progress-box.css]
[agileui.com/demo/monarch/assets/snippets/todo.css]
[agileui.com/demo/monarch/assets/snippets/user-profile.css]
[agileui.com/demo/monarch/assets/snippets/mobile-navigation.css]
[agileui.com/demo/monarch/assets/applications/mailbox.css]
[agileui.com/demo/monarch/assets/image-resources/logo-admin.png]
[agileui.com/demo/monarch/assets/themes/admin/layout.css]
[agileui.com/demo/monarch/assets/themes/admin/color-schemes/default.css]
[agileui.com/demo/monarch/assets/themes/components/default.css]
[agileui.com/demo/monarch/assets/themes/components/border-radius.css]
[agileui.com/demo/monarch/assets/helpers/responsive-elements.css]
[agileui.com/demo/monarch/assets/helpers/admin-responsive.css]
[agileui.com/demo/monarch/demo/admin-template/lockscreen-3.html]
[agileui.com/demo/monarch/demo/admin-template/buttons.html]
[agileui.com/demo/monarch/demo/admin-template/labels-badges.html]
[agileui.com/demo/monarch/demo/admin-template/content-boxes.html]
[agileui.com/demo/monarch/assets/widgets/wow/wow.js]
[agileui.com/demo/monarch/assets/icons/iconic/iconic.css]
[agileui.com/demo/monarch/assets/icons/elusive/elusive.css]
[agileui.com/demo/monarch/assets/icons/meteocons/meteocons.css]
[agileui.com/demo/monarch/assets/icons/typicons/typicons.css]
[agileui.com/demo/monarch/demo/admin-template/icons.html]
[agileui.com/demo/monarch/demo/admin-template/nav-menus.html]
[agileui.com/demo/monarch/demo/admin-template/response-messages.html]
[agileui.com/demo/monarch/assets/widgets/skycons/skycons.js]
[agileui.com/demo/monarch/assets/image-resources/stock-images/img-1.jpg]
[agileui.com/demo/monarch/assets/image-resources/stock-images/img-2.jpg]
[agileui.com/demo/monarch/assets/image-resources/stock-images/img-3.jpg]
[agileui.com/demo/monarch/assets/image-resources/stock-images/img-4.jpg]
[agileui.com/demo/monarch/assets/image-resources/stock-images/img-5.jpg]
[agileui.com/demo/monarch/assets/image-resources/stock-images/img-6.jpg]
[agileui.com/demo/monarch/assets/image-resources/stock-images/img-7.jpg]
[agileui.com/demo/monarch/assets/image-resources/stock-images/img-8.jpg]
[agileui.com/demo/monarch/assets/image-resources/stock-images/img-9.jpg]
[agileui.com/demo/monarch/assets/image-resources/stock-images/img-10.jpg]
[agileui.com/demo/monarch/assets/image-resources/stock-images/img-11.jpg]
[agileui.com/demo/monarch/assets/image-resources/stock-images/img-12.jpg]
[agileui.com/demo/monarch/assets/image-resources/stock-images/img-13.jpg]
[agileui.com/demo/monarch/assets/image-resources/stock-images/img-14.jpg]
[agileui.com/demo/monarch/assets/image-resources/stock-images/img-15.jpg]
[agileui.com/demo/monarch/assets/image-resources/stock-images/img-16.jpg]
[agileui.com/demo/monarch/assets/image-resources/stock-images/img-17.jpg]
[agileui.com/demo/monarch/assets/image-resources/stock-images/img-18.jpg]
[agileui.com/demo/monarch/assets/image-resources/stock-images/img-19.jpg]
[agileui.com/demo/monarch/assets/image-resources/stock-images/img-20.jpg]
[agileui.com/demo/monarch/demo/admin-template/images.html]
[agileui.com/demo/monarch/assets/widgets/daterangepicker/moment.js]
[agileui.com/demo/monarch/assets/widgets/daterangepicker/daterangepicker.js]
[agileui.com/demo/monarch/demo/admin-template/chart-boxes.html]
[agileui.com/demo/monarch/demo/admin-template/tile-boxes.html]
[agileui.com/demo/monarch/demo/admin-template/social-boxes.html]
[agileui.com/demo/monarch/demo/admin-template/panel-boxes.html]
[agileui.com/demo/monarch/assets/widgets/daterangepicker/daterangepicker-demo.js]
[agileui.com/demo/monarch/assets/widgets/tabs-ui/tabs.js]
[agileui.com/demo/monarch/assets/widgets/tabs/tabs.js]
[agileui.com/demo/monarch/demo/admin-template/tabs.html]
[agileui.com/demo/monarch/assets/widgets/tabs/tabs-responsive.js]
[agileui.com/demo/monarch/demo/admin-template/collapsable.html]
[agileui.com/demo/monarch/assets/widgets/accordion-ui/accordion.js]
[agileui.com/demo/monarch/assets/widgets/owlcarousel/owlcarousel.css]
[agileui.com/demo/monarch/assets/widgets/owlcarousel/owlcarousel.js]
[agileui.com/demo/monarch/assets/widgets/owlcarousel/owlcarousel-demo.js]
[agileui.com/demo/monarch/assets/image-resources/slides-bg/slide-1.jpg]
[agileui.com/demo/monarch/assets/image-resources/slides-bg/slide-2.jpg]
[agileui.com/demo/monarch/assets/image-resources/slides-bg/slide-3.jpg]
[agileui.com/demo/monarch/assets/image-resources/slides-bg/slide-4.jpg]
[agileui.com/demo/monarch/assets/image-resources/slides-bg/slide-5.jpg]
[agileui.com/demo/monarch/assets/image-resources/stock-images/img-23.jpg]
[agileui.com/demo/monarch/assets/image-resources/stock-images/img-24.jpg]
[agileui.com/demo/monarch/assets/image-resources/stock-images/img-21.jpg]
[agileui.com/demo/monarch/assets/image-resources/stock-images/img-22.jpg]
[agileui.com/demo/monarch/demo/admin-template/bs-carousel.html]
[agileui.com/demo/monarch/assets/widgets/interactions-ui/resizable.js]
[agileui.com/demo/monarch/assets/widgets/interactions-ui/draggable.js]
[agileui.com/demo/monarch/assets/widgets/interactions-ui/sortable.js]
[agileui.com/demo/monarch/assets/widgets/interactions-ui/selectable.js]
[agileui.com/demo/monarch/assets/widgets/calendar/calendar.js]
[agileui.com/demo/monarch/demo/admin-template/calendar.html]
[agileui.com/demo/monarch/assets/widgets/calendar/calendar-demo.js]
[agileui.com/demo/monarch/assets/widgets/nicescroll/nicescroll.js]
[agileui.com/demo/monarch/demo/admin-template/scrollbars.html]
[agileui.com/demo/monarch/assets/widgets/nicescroll/nicescroll-demo.js]
[agileui.com/demo/monarch/assets/widgets/dialog/dialog.js]
[agileui.com/demo/monarch/demo/admin-template/modals.html]
[agileui.com/demo/monarch/assets/widgets/dialog/dialog-demo.js]
[agileui.com/demo/monarch/assets/widgets/jgrowl-notifications/jgrowl.js]
[agileui.com/demo/monarch/assets/widgets/jgrowl-notifications/jgrowl-demo.js]
[agileui.com/demo/monarch/assets/widgets/noty-notifications/noty.js]
[agileui.com/demo/monarch/demo/admin-template/notifications.html]
[agileui.com/demo/monarch/assets/widgets/noty-notifications/noty-demo.js]
[agileui.com/demo/monarch/demo/admin-template/lazyload.html]
[agileui.com/demo/monarch/assets/widgets/lazyload/lazyload.js]
[agileui.com/demo/monarch/assets/widgets/loading-bar/loadingbar.js]
[agileui.com/demo/monarch/assets/widgets/loading-bar/loadingbar-demo.js]
[agileui.com/demo/monarch/assets/images/spinner/loader-light.gif]
[agileui.com/demo/monarch/assets/images/spinner/loader-dark.gif]
[agileui.com/demo/monarch/demo/admin-template/loading-feedback.html]
[agileui.com/demo/monarch/demo/admin-template/popovers-tooltips.html]
[agileui.com/demo/monarch/demo/admin-template/progress-bars.html]
[agileui.com/demo/monarch/assets/widgets/nestable/nestable.js]
[agileui.com/demo/monarch/demo/admin-template/sortable-elements.html]
[agileui.com/demo/monarch/assets/widgets/nestable/nestable-demo.js]
[agileui.com/demo/monarch/assets/widgets/spinner/spinner.js]
[agileui.com/demo/monarch/assets/widgets/autocomplete/autocomplete.js]
[agileui.com/demo/monarch/assets/widgets/autocomplete/menu.js]
[agileui.com/demo/monarch/assets/widgets/autocomplete/autocomplete-demo.js]
[agileui.com/demo/monarch/assets/widgets/touchspin/touchspin.js]
[agileui.com/demo/monarch/assets/widgets/touchspin/touchspin-demo.js]
[agileui.com/demo/monarch/assets/widgets/input-switch/inputswitch.js]
[agileui.com/demo/monarch/assets/widgets/textarea/textarea.js]
[agileui.com/demo/monarch/assets/widgets/multi-select/multiselect.js]
[agileui.com/demo/monarch/assets/widgets/uniform/uniform.js]
[agileui.com/demo/monarch/assets/widgets/uniform/uniform-demo.js]
[agileui.com/demo/monarch/assets/widgets/chosen/chosen.js]
[agileui.com/demo/monarch/demo/admin-template/forms-elements.html]
[agileui.com/demo/monarch/assets/widgets/chosen/chosen-demo.js]
[agileui.com/demo/monarch/demo/admin-template/forms-validation.html]
[agileui.com/demo/monarch/assets/widgets/parsley/parsley.js]
[agileui.com/demo/monarch/assets/widgets/datepicker/datepicker.js]
[agileui.com/demo/monarch/assets/widgets/datepicker-ui/datepicker.js]
[agileui.com/demo/monarch/assets/widgets/datepicker-ui/datepicker-demo.js]
[agileui.com/demo/monarch/assets/widgets/timepicker/timepicker.js]
[agileui.com/demo/monarch/assets/widgets/colorpicker/colorpicker.js]
[agileui.com/demo/monarch/demo/admin-template/pickers.html]
[agileui.com/demo/monarch/assets/widgets/colorpicker/colorpicker-demo.js]
[agileui.com/demo/monarch/assets/widgets/slider-ui/slider.js]
[agileui.com/demo/monarch/assets/widgets/slider-ui/slider-demo.js]
[agileui.com/demo/monarch/assets/widgets/range-slider/rangeslider-core.js]
[agileui.com/demo/monarch/assets/widgets/range-slider/rangeslider-demo.js]
[agileui.com/demo/monarch/assets/widgets/ionrangeslider/ionrangeslider.js]
[agileui.com/demo/monarch/demo/admin-template/sliders.html]
[agileui.com/demo/monarch/assets/widgets/ionrangeslider/ionrangeslider-demo.js]
[agileui.com/demo/monarch/assets/widgets/wizard/wizard.js]
[agileui.com/demo/monarch/demo/admin-template/forms-wizard.html]
[agileui.com/demo/monarch/assets/widgets/wizard/wizard-demo.js]
[agileui.com/demo/monarch/demo/admin-template/forms-masks.html]
[agileui.com/demo/monarch/assets/widgets/input-mask/inputmask.js]
[agileui.com/demo/monarch/assets/widgets/jcrop/jcrop.js]
[agileui.com/demo/monarch/demo/admin-template/image-crop.html]
[agileui.com/demo/monarch/assets/widgets/jcrop/jcrop-demo.js]
[agileui.com/demo/monarch/demo/admin-template/dropzone-uploader.html]
[blueimp.github.io/JavaScript-Templates/js/tmpl.min.js]
[blueimp.github.io/JavaScript-Load-Image/js/load-image.all.min.js]
[agileui.com/demo/monarch/assets/widgets/dropzone/dropzone.js]
[blueimp.github.io/JavaScript-Canvas-to-Blob/js/canvas-to-blob.min.js]
[netdna.bootstrapcdn.com/bootstrap/3.2.0/js/bootstrap.min.js]
[blueimp.github.io/Gallery/js/jquery.blueimp-gallery.min.js]
[agileui.com/demo/monarch/assets/widgets/multi-upload/jquery.iframe-transport.js]
[agileui.com/demo/monarch/assets/widgets/multi-upload/jquery.fileupload.js]
[agileui.com/demo/monarch/assets/widgets/multi-upload/jquery.fileupload-process.js]
[agileui.com/demo/monarch/assets/widgets/multi-upload/jquery.fileupload-image.js]
[agileui.com/demo/monarch/assets/widgets/multi-upload/jquery.fileupload-audio.js]
[agileui.com/demo/monarch/assets/widgets/multi-upload/jquery.fileupload-video.js]
[agileui.com/demo/monarch/assets/widgets/multi-upload/jquery.fileupload-validate.js]
[agileui.com/demo/monarch/assets/widgets/multi-upload/jquery.fileupload-ui.js]
[agileui.com/demo/monarch/demo/admin-template/multi-uploader.html]
[agileui.com/demo/monarch/assets/widgets/multi-upload/main.js]
[agileui.com/demo/monarch/demo/admin-template/input-knobs.html]
[agileui.com/demo/monarch/assets/widgets/knobs/knob.js]
[agileui.com/demo/monarch/demo/admin-template/ckeditor.html]
[agileui.com/demo/monarch/assets/widgets/ckeditor/ckeditor.js]
[agileui.com/demo/monarch/demo/admin-template/summernote.html]
[agileui.com/demo/monarch/assets/widgets/summernote-wysiwyg/summernote-wysiwyg.js]
[agileui.com/demo/monarch/demo/admin-template/markdown.html]
[agileui.com/demo/monarch/assets/widgets/markdown/markdown.js]
[agileui.com/demo/monarch/assets/widgets/tooltip/tooltip.js]
[agileui.com/demo/monarch/assets/widgets/popover/popover.js]
[agileui.com/demo/monarch/assets/widgets/xeditable/xeditable.js]
[agileui.com/demo/monarch/demo/admin-template/inline-editor.html]
[agileui.com/demo/monarch/demo/admin-template/tables.html]
[agileui.com/demo/monarch/demo/admin-template/responsive-tables.html]
[agileui.com/demo/monarch/assets/widgets/xeditable/xeditable-demo.js]
[agileui.com/demo/monarch/assets/widgets/datatable/datatable.js]
[agileui.com/demo/monarch/assets/widgets/datatable/datatable-bootstrap.js]
[agileui.com/demo/monarch/demo/admin-template/data-tables.html]
[agileui.com/demo/monarch/assets/widgets/datatable/datatable-tabletools.js]
[agileui.com/demo/monarch/demo/admin-template/advanced-datatables.html]
[agileui.com/demo/monarch/assets/widgets/datatable/datatable-reorder.js]
[agileui.com/demo/monarch/demo/admin-template/fixed-datatables.html]
[agileui.com/demo/monarch/assets/widgets/datatable/datatable-fixedcolumns.js]
[agileui.com/demo/monarch/demo/admin-template/responsive-datatables.html]
[agileui.com/demo/monarch/assets/widgets/datatable/datatable-responsive.js]
[agileui.com/demo/monarch/demo/admin-template/flot-charts.html]
[agileui.com/demo/monarch/demo/admin-template/sparklines.html]
[agileui.com/demo/monarch/demo/admin-template/pie-gages.html]
[agileui.com/demo/monarch/assets/widgets/charts/flot/flot-demo.js]
[agileui.com/demo/monarch/assets/js-core/raphael.js]
[agileui.com/demo/monarch/assets/widgets/charts/justgage/justgage.js]
[agileui.com/demo/monarch/demo/admin-template/just-gage.html]
[agileui.com/demo/monarch/assets/widgets/charts/justgage/justgage-demo.js]
[agileui.com/demo/monarch/assets/widgets/charts/morris/morris.js]
[agileui.com/demo/monarch/demo/admin-template/morris-charts.html]
[agileui.com/demo/monarch/assets/widgets/charts/morris/morris-demo.js]
[agileui.com/demo/monarch/assets/js-core/d3.js]
[agileui.com/demo/monarch/assets/widgets/charts/xcharts/xcharts.js]
[agileui.com/demo/monarch/assets/widgets/charts/xcharts/xcharts-demo.js]
[agileui.com/demo/monarch/demo/admin-template/xcharts.html]
[agileui.com/demo/monarch/assets/widgets/charts/xcharts/xcharts-demo-2.js]
[agileui.com/demo/monarch/assets/widgets/charts/chart-js/chart-core.js]
[agileui.com/demo/monarch/assets/widgets/charts/chart-js/chart-bar.js]
[agileui.com/demo/monarch/assets/widgets/charts/chart-js/chart-doughnut.js]
[agileui.com/demo/monarch/assets/widgets/charts/chart-js/chart-line.js]
[agileui.com/demo/monarch/assets/widgets/charts/chart-js/chart-polar.js]
[agileui.com/demo/monarch/assets/widgets/charts/chart-js/chart-radar.js]
[agileui.com/demo/monarch/demo/admin-template/chart-js.html]
[agileui.com/demo/monarch/assets/widgets/charts/chart-js/chart-demo.js]
[agileui.com/demo/monarch/assets/widgets/maps/gmaps/gmaps.js]
[agileui.com/demo/monarch/demo/admin-template/gmaps.html]
[agileui.com/demo/monarch/assets/widgets/maps/gmaps/gmaps-demo.js]
[agileui.com/demo/monarch/assets/widgets/maps/vector-maps/vectormaps.js]
[agileui.com/demo/monarch/assets/widgets/maps/vector-maps/world_map.js]
[agileui.com/demo/monarch/assets/widgets/maps/vector-maps/de_merc_en.js]
[agileui.com/demo/monarch/assets/widgets/maps/vector-maps/mall_map.js]
[agileui.com/demo/monarch/demo/admin-template/vector-maps.html]
[agileui.com/demo/monarch/assets/widgets/maps/vector-maps/vectormaps-demo.js]
[agileui.com/demo/monarch/assets/widgets/maps/mapael/mapael.js]
[agileui.com/demo/monarch/assets/widgets/maps/mapael/maps/france_departments.js]
[agileui.com/demo/monarch/assets/widgets/maps/mapael/maps/usa_states.js]
[agileui.com/demo/monarch/assets/widgets/maps/mapael/maps/world_countries.js]
[agileui.com/demo/monarch/demo/admin-template/mapael.html]
[agileui.com/demo/monarch/assets/widgets/maps/mapael/mapael-demo.js]
[agileui.com/demo/monarch/demo/admin-template/index-alt.html]
[agileui.com/demo/monarch/demo/admin-template/view-profile.html]
[agileui.com/demo/monarch/demo/admin-template/faq-section.html]
[agileui.com/demo/monarch/assets/widgets/charts/xcharts/xcharts-demo-1.js]
[agileui.com/demo/monarch/assets/widgets/sticky/sticky.js]
[agileui.com/demo/monarch/demo/admin-template/auto-menu.html]
[agileui.com/demo/monarch/demo/admin-template/invoice.html]
[agileui.com/demo/monarch/assets/widgets/tocify/tocify.js]
[agileui.com/demo/monarch/assets/frontend-elements/blog.css]
[agileui.com/demo/monarch/assets/widgets/pretty-photo/prettyphoto.js]
[agileui.com/demo/monarch/assets/image-resources/stock-images/img-44.jpg]
[agileui.com/demo/monarch/assets/image-resources/stock-images/img-43.jpg]
[agileui.com/demo/monarch/assets/image-resources/stock-images/img-42.jpg]
[agileui.com/demo/monarch/assets/image-resources/stock-images/img-41.jpg]
[agileui.com/demo/monarch/assets/image-resources/stock-images/img-40.jpg]
[agileui.com/demo/monarch/assets/image-resources/stock-images/img-39.jpg]
[agileui.com/demo/monarch/assets/image-resources/stock-images/img-38.jpg]
[agileui.com/demo/monarch/assets/image-resources/stock-images/img-37.jpg]
[agileui.com/demo/monarch/assets/image-resources/stock-images/img-36.jpg]
[agileui.com/demo/monarch/assets/image-resources/stock-images/img-35.jpg]
[agileui.com/demo/monarch/assets/image-resources/stock-images/img-34.jpg]
[agileui.com/demo/monarch/demo/admin-template/admin-blog.html]
[agileui.com/demo/monarch/demo/admin-template/admin-pricing.html]
[agileui.com/demo/monarch/assets/frontend-elements/pricing-table.css]
[agileui.com/demo/monarch/assets/frontend-elements/portfolio-navigation.css]
[agileui.com/demo/monarch/assets/widgets/mixitup/mixitup.js]
[agileui.com/demo/monarch/assets/widgets/mixitup/images-loaded.js]
[agileui.com/demo/monarch/assets/widgets/mixitup/isotope.js]
[agileui.com/demo/monarch/demo/admin-template/portfolio-gallery.html]
[agileui.com/demo/monarch/demo/admin-template/portfolio-masonry.html]
[agileui.com/demo/monarch/demo/admin-template/slidebars.html]
[agileui.com/demo/monarch/demo/admin-template/login-1.html]
[agileui.com/demo/monarch/demo/admin-template/login-2.html]
[agileui.com/demo/monarch/demo/admin-template/login-3.html]
[agileui.com/demo/monarch/demo/admin-template/login-4.html]
[agileui.com/demo/monarch/demo/admin-template/login-5.html]
[agileui.com/demo/monarch/assets/widgets/mixitup/portfolio-demo.js]
[agileui.com/demo/monarch/demo/admin-template/lockscreen-1.html]
[agileui.com/demo/monarch/demo/admin-template/lockscreen-2.html]
[agileui.com/demo/monarch/demo/admin-template/server-1.html]
[agileui.com/demo/monarch/demo/admin-template/server-2.html]
[agileui.com/demo/monarch/demo/admin-template/server-3.html]
[agileui.com/demo/monarch/demo/admin-template/mailbox-inbox.html]
[agileui.com/demo/monarch/demo/admin-template/mailbox-compose.html]
[agileui.com/demo/monarch/demo/admin-template/mailbox-single.html]
[agileui.com/demo/monarch/demo/admin-template/timeline.html]
[agileui.com/demo/monarch/demo/admin-template/chat.html]
[agileui.com/demo/monarch/demo/admin-template/checklist.html]
[agileui.com/demo/monarch/demo/admin-template/helper-classes.html]
[agileui.com/demo/monarch/demo/admin-template/page-transitions.html]
[agileui.com/demo/monarch/demo/admin-template/animations.html]
[agileui.com/demo/monarch/assets/icons/fontawesome/fontawesome-webfontba72.svg]
[agileui.com/demo/monarch/assets/icons/linecons/linecons8f44.svg]
[agileui.com/demo/monarch/assets/icons/spinnericon/spinnericonb7a7.svg]
[agileui.com/demo/monarch/assets/widgets/images/animated-overlay.html]
[agileui.com/demo/monarch/assets/widgets/images/loader-dark.html]
[agileui.com/demo/monarch/assets/widgets/img/loading.html]
[agileui.com/demo/monarch/assets/widgets/img/error.html]
[agileui.com/demo/monarch/assets/widgets/img/play-pause.html]
[agileui.com/demo/monarch/assets/widgets/img/video-play.html]
[agileui.com/demo/monarch/assets/widgets/pretty-photo/images/facebook/default_thumbnail.html]
[agileui.com/demo/monarch/assets/widgets/img/clear.html]
[agileui.com/demo/monarch/assets/icons/iconic/iconic56de.eot]
[agileui.com/demo/monarch/assets/icons/iconic/iconic56de.woff]
[agileui.com/demo/monarch/assets/icons/iconic/iconic56de.ttf]
[agileui.com/demo/monarch/assets/icons/iconic/iconic.css]
[agileui.com/demo/monarch/assets/icons/iconic/iconic56de.svg]
[agileui.com/demo/monarch/assets/icons/elusive/elusivedcfb.eot]
[agileui.com/demo/monarch/assets/icons/elusive/elusivedcfb.woff]
[agileui.com/demo/monarch/assets/icons/elusive/elusivedcfb.ttf]
[agileui.com/demo/monarch/assets/icons/elusive/elusive.css]
[agileui.com/demo/monarch/assets/icons/elusive/elusivedcfb.svg]
[agileui.com/demo/monarch/assets/icons/meteocons/meteocons63ae.eot]
[agileui.com/demo/monarch/assets/icons/meteocons/meteocons63ae.woff]
[agileui.com/demo/monarch/assets/icons/meteocons/meteocons63ae.ttf]
[agileui.com/demo/monarch/assets/icons/meteocons/meteocons.css]
[agileui.com/demo/monarch/assets/icons/meteocons/meteocons63ae.svg]
[agileui.com/demo/monarch/assets/icons/typicons/typiconsfb26.eot]
[agileui.com/demo/monarch/assets/icons/typicons/typiconsfb26.woff]
[agileui.com/demo/monarch/assets/icons/typicons/typiconsfb26.ttf]
[agileui.com/demo/monarch/assets/icons/typicons/typicons.css]
[agileui.com/demo/monarch/assets/icons/typicons/typiconsfb26.svg]
[agileui.com/demo/monarch/assets/images/grabbing.png]
[agileui.com/demo/monarch/assets/assets/dummy-images/loader.gif]
[agileui.com/demo/monarch/assets/widgets/owlcarousel/owlcarousel.css]
[agileui.com/demo/monarch/assets/frontend-elements/blog.css]
[agileui.com/demo/monarch/assets/frontend-elements/pricing-table.css]
[agileui.com/demo/monarch/assets/frontend-elements/portfolio-navigation.css]
[agileui.com/demo/monarch/assets/icons/iconic/iconic56de.svg]
[agileui.com/demo/monarch/assets/icons/elusive/elusivedcfb.svg]
[agileui.com/demo/monarch/assets/icons/meteocons/meteocons63ae.svg]
[agileui.com/demo/monarch/assets/icons/typicons/typiconsfb26.svg]
[agileui.com/demo/monarch/assets/assets/dummy-images/loader.html]
